GDRE Tools v0.8.0
Windows 10.0.26100, NVIDIA GeForce RTX 3050 6GB Laptop GPU, opengl3
Extracted 108 files, no errors detected!
WARNING: Converting lossy imports, you may lose fidelity for indicated assets when re-importing upon loading the project
   at: ImportExporter::_export_imports (modules\gdsdecomp\utility\import_exporter.cpp:181)
Script version 4.3.0-stable (rev 0x77af6ca) detected
Exporting resources in parallel...
Saved project config project.godot.


********************************EXPORT REPORT********************************

Totals:                                 
Decompiled scripts:                     14
Failed scripts:                         0
Imported resources for export session:  38
Successfully converted:                 38
Lossy:                                  0
Rewrote metadata:                       23
Non-importable conversions:             1
Not converted:                          0
Failed conversions:                     0
-------------

------

The following files were converted and saved to a non-original path, but did not have their import data rewritten.
These files will not be re-imported when loading the project.
res://.godot/imported/icon.svg-218a8f2b3041327d8a5756f3a245f83b.ctex to res://.assets/icon.png


------------------------------------------------------------------------------------

Use Godot editor version 4.3.0 to edit the project.
Note: the project may be using a custom version of Godot. Detection for this has not been implemented yet.
If you find that you have many non-import errors upon opening the project 
(i.e. scripts or shaders have many errors), use the original game's binary as the export template.

*******************************************************************************

